// Vitest Snapshot v1, https://vitest.dev/guide/snapshot.html

exports[`demo > should work 1`] = `
{
  "content": undefined,
  "data": undefined,
}
`;
