// Vitest Snapshot v1, https://vitest.dev/guide/snapshot.html

exports[`vitePluginParseMatter > should work 1`] = `
{
  "name": "parse-matter",
  "transform": [Function],
}
`;
